Microchip MPLAB XC8 Compiler V2.45

Linker command line:

-W-3 \
  --edf=C:\Program Files\Microchip\xc8\v2.45\pic\dat\20230818022343_en.msgs \
  -cn -h+dist/default/production\embedded.production.sym \
  --cmf=dist/default/production\embedded.production.cmf -z -Q18F4620 \
  -oC:\Users\sakr3\AppData\Local\Temp\xcAs6ak.\driver_tmp_3.o \
  --defsym=__MPLAB_BUILD=1 --fixupoverflow=error \
  -Mdist/default/production/embedded.production.map \
  --md=C:\Users\sakr3\AppData\Local\Temp\xcAs6ak.\driver_tmp_0.dat -E1 \
  -ver=XC8 Compiler --acfsm=1493 -ACODE=00h-0FFFFh -ACONST=00h-0FFFFh \
  -ASMALLCONST=01000h-010FFhx240 -AMEDIUMCONST=01000h-0FFFFh \
  -ACOMRAM=01h-07Fh -AABS1=00h-0F7Fh -ABIGRAM=01h-0F7Fh \
  -ARAM=080h-0FFh,0100h-01FFhx14,0F00h-0F7Fh -ABANK0=080h-0FFh \
  -ABANK1=0100h-01FFh -ABANK2=0200h-02FFh -ABANK3=0300h-03FFh \
  -ABANK4=0400h-04FFh -ABANK5=0500h-05FFh -ABANK6=0600h-06FFh \
  -ABANK7=0700h-07FFh -ABANK8=0800h-08FFh -ABANK9=0900h-09FFh \
  -ABANK10=0A00h-0AFFh -ABANK11=0B00h-0BFFh -ABANK12=0C00h-0CFFh \
  -ABANK13=0D00h-0DFFh -ABANK14=0E00h-0EFFh -ABANK15=0F00h-0F7Fh \
  -ASFR=0F80h-0FFFh -ABIGSFR=0F80h-0FFFh -ACONFIG=0300000h-030000Dh \
  -AIDLOC=0200000h-0200007h -AEEDATA=0F00000h-0F003FFh -peeprom_data=EEDATA \
  -preset_vec=00h,intcode=08h,intcodelo,powerup,init -pramtop=01000h \
  -psmallconst=SMALLCONST -pmediumconst=MEDIUMCONST -pconst=CONST \
  -AFARRAM=00h-00h \
  -prdata=COMRAM,nvrram=COMRAM,nvbit=COMRAM,rbss=COMRAM,rbit=COMRAM \
  -pfarbss=FARRAM,fardata=FARRAM,nvFARRAM=FARRAM \
  -pintsave_regs=BIGRAM,bigbss=BIGRAM,bigdata=BIGRAM -pbss=RAM \
  -pidata=CODE,irdata=CODE,ibigdata=CODE,ifardata=CODE -prparam=COMRAM \
  C:\Users\sakr3\AppData\Local\Temp\xcAs6ak.\driver_tmp_14.o \
  dist/default/production\embedded.production.o 

Object code version is 3.11

Machine type is 18F4620



                Name                               Link     Load   Length Selector   Space Scale
C:\Users\sakr3\AppData\Local\Temp\xcAs6ak.\driver_tmp_14.o
                config                           300000   300000        E        0       4
                init                                  E        E        4        4       0
                reset_vec                             0        0        4        0       0
dist/default/production\embedded.production.o
                intcode                               8        8        6        4       0
                config                           300000   300000        E        0       4
                temp                                 75       75        1        1       1
                smallconst                         1000     1000       3A      800       0
                text48                             25B0     25B0       A0      81D       0
                text47                             29BC     29BC       46      81D       0
                text46                             2CCA     2CCA       1C     1665       0
                text45                             2D68     2D68        4     1665       0
                text44                             2D64     2D64        4     1665       0
                text43                             2D60     2D60        4     1665       0
                text42                             2D34     2D34       1A     1665       0
                text41                             2D1A     2D1A       1A     1665       0
                text40                             2D00     2D00       1A     1665       0
                text39                             2CE6     2CE6       1A     1665       0
                intcode_body                       1464     1464      2C6      81D       0
                text37                             1FFA     1FFA       D8      81D       0
                text36                             2A80     2A80       38      81D       0
                text35                             2C86     2C86       22      81D       0
                text34                             2B20     2B20       34      81D       0
                text33                             103A     103A      42A      81D       0
                text32                             1EF2     1EF2      108      81D       0
                text31                             2760     2760       74      81D       0
                text30                             1AD0     1AD0      1B4      81D       0
                text29                             2C3E     2C3E       26      81D       0
                text28                             2C64     2C64       22      81D       0
                text27                             246E     246E       A2      81D       0
                text26                             1C84     1C84      142      81D       0
                text25                             1DC6     1DC6      12C      81D       0
                text24                             26E6     26E6       7A      81D       0
                text23                             2C14     2C14       2A      81D       0
                text22                             2D6E     2D6E        2     1665       0
                text21                             28A2     28A2       62      81D       0
                text20                             2A42     2A42       3E      81D       0
                text19                             2960     2960       5C      81D       0
                text18                             20D2     20D2       D6      81D       0
                text17                             2BE8     2BE8       2C      81D       0
                text16                             2BB8     2BB8       30      81D       0
                text15                             21A8     21A8       C4      81D       0
                text14                             226C     226C       B0      81D       0
                text13                             2AEC     2AEC       34      81D       0
                text12                             2D6C     2D6C        2     1665       0
                text11                             231C     231C       AA      81D       0
                text10                             1910     1910      1C0      81D       0
                text9                              2A02     2A02       40      81D       0
                text8                              2AB8     2AB8       34      81D       0
                text7                              2510     2510       A0      81D       0
                text6                              2B86     2B86       32      81D       0
                text5                              2B54     2B54       32      81D       0
                text4                              2904     2904       5C      81D       0
                text3                              23C6     23C6       A8      81D       0
                text2                              2650     2650       96      81D       0
                text1                              27D4     27D4       6C      81D       0
                text0                              172A     172A      1E6      81D       0
                cstackCOMRAM                          1        1       35        1       1
                cstackBANK0                          E2       E2        B       80       1
                dataBANK0                            C1       C1       21       80       1
                bssBANK0                             80       80       41       80       1
                dataCOMRAM                           63       63       12        1       1
                bssCOMRAM                            36       36       2D        1       1
                cinit                              2840     2840       62      81D       0
                nvBANK0                              ED       ED        1       80       1
                idataBANK0                         2CA8     2CA8       21      81D       0
                idataCOMRAM                        2D4E     2D4E       12     1665       0

TOTAL           Name                               Link     Load   Length     Space
        CLASS   CODE           
                intcode                               8        8        6         0
                init                                  E        E        4         0
                reset_vec                             0        0        4         0
                text48                             25B0     25B0       A0         0
                text47                             29BC     29BC       46         0
                text46                             2CCA     2CCA       1C         0
                text45                             2D68     2D68        4         0
                text44                             2D64     2D64        4         0
                text43                             2D60     2D60        4         0
                text42                             2D34     2D34       1A         0
                text41                             2D1A     2D1A       1A         0
                text40                             2D00     2D00       1A         0
                text39                             2CE6     2CE6       1A         0
                intcode_body                       1464     1464      2C6         0
                text37                             1FFA     1FFA       D8         0
                text36                             2A80     2A80       38         0
                text35                             2C86     2C86       22         0
                text34                             2B20     2B20       34         0
                text33                             103A     103A      42A         0
                text32                             1EF2     1EF2      108         0
                text31                             2760     2760       74         0
                text30                             1AD0     1AD0      1B4         0
                text29                             2C3E     2C3E       26         0
                text28                             2C64     2C64       22         0
                text27                             246E     246E       A2         0
                text26                             1C84     1C84      142         0
                text25                             1DC6     1DC6      12C         0
                text24                             26E6     26E6       7A         0
                text23                             2C14     2C14       2A         0
                text22                             2D6E     2D6E        2         0
                text21                             28A2     28A2       62         0
                text20                             2A42     2A42       3E         0
                text19                             2960     2960       5C         0
                text18                             20D2     20D2       D6         0
                text17                             2BE8     2BE8       2C         0
                text16                             2BB8     2BB8       30         0
                text15                             21A8     21A8       C4         0
                text14                             226C     226C       B0         0
                text13                             2AEC     2AEC       34         0
                text12                             2D6C     2D6C        2         0
                text11                             231C     231C       AA         0
                text10                             1910     1910      1C0         0
                text9                              2A02     2A02       40         0
                text8                              2AB8     2AB8       34         0
                text7                              2510     2510       A0         0
                text6                              2B86     2B86       32         0
                text5                              2B54     2B54       32         0
                text4                              2904     2904       5C         0
                text3                              23C6     23C6       A8         0
                text2                              2650     2650       96         0
                text1                              27D4     27D4       6C         0
                text0                              172A     172A      1E6         0
                cinit                              2840     2840       62         0
                idataBANK0                         2CA8     2CA8       21         0
                idataCOMRAM                        2D4E     2D4E       12         0

        CLASS   CONST          

        CLASS   SMALLCONST     
                smallconst                         1000     1000       3A         0

        CLASS   MEDIUMCONST    

        CLASS   COMRAM         
                temp                                 75       75        1         1
                cstackCOMRAM                          1        1       35         1
                dataCOMRAM                           63       63       12         1
                bssCOMRAM                            36       36       2D         1

        CLASS   ABS1           

        CLASS   BIGRAM         

        CLASS   RAM            

        CLASS   BANK0          
                cstackBANK0                          E2       E2        B         1
                dataBANK0                            C1       C1       21         1
                bssBANK0                             80       80       41         1
                nvBANK0                              ED       ED        1         1

        CLASS   BANK1          

        CLASS   BANK2          

        CLASS   BANK3          

        CLASS   BANK4          

        CLASS   BANK5          

        CLASS   BANK6          

        CLASS   BANK7          

        CLASS   BANK8          

        CLASS   BANK9          

        CLASS   BANK10         

        CLASS   BANK11         

        CLASS   BANK12         

        CLASS   BANK13         

        CLASS   BANK14         

        CLASS   BANK15         

        CLASS   SFR            

        CLASS   BIGSFR         

        CLASS   CONFIG         
                config                           300000   300000        E         4

        CLASS   IDLOC          

        CLASS   EEDATA         

        CLASS   FARRAM         

        CLASS   HEAP           

        CLASS   STACK          



SEGMENTS        Name                           Load    Length   Top    Selector   Space  Class

                reset_vec                      000000  000004  000004         0       0  CODE    
                cstackCOMRAM                   000001  000075  000076         1       1  COMRAM  
                intcode                        000008  00000A  000012         4       0  CODE    
                bssBANK0                       000080  00006E  0000EE        80       1  BANK0   
                smallconst                     001000  00003A  00103A       800       0  SMALLCON
                text33                         00103A  001C8F  002CC9       81D       0  CODE    
                text46                         002CCA  0000A6  002D70      1665       0  CODE    


UNUSED ADDRESS RANGES

        Name                Unused          Largest block    Delta
        BANK0            0000EE-0000FF               12
        BANK1            000100-0001FF              100
        BANK10           000A00-000AFF              100
        BANK11           000B00-000BFF              100
        BANK12           000C00-000CFF              100
        BANK13           000D00-000DFF              100
        BANK14           000E00-000EFF              100
        BANK15           000F00-000F7F               80
        BANK2            000200-0002FF              100
        BANK3            000300-0003FF              100
        BANK4            000400-0004FF              100
        BANK5            000500-0005FF              100
        BANK6            000600-0006FF              100
        BANK7            000700-0007FF              100
        BANK8            000800-0008FF              100
        BANK9            000900-0009FF              100
        BIGRAM           000076-00007F                A
                         0000EE-000F7F              E92
        BIGSFR           000F80-000FFF               80
        CODE             000004-000007                4
                         000012-000FFF              FEE
                         002CC9-002CC9                1
                         002D70-00FFFF             D290
        COMRAM           000076-00007F                A
        CONST            000004-000007                4
                         000012-000FFF              FEE
                         002CC9-002CC9                1
                         002D70-00FFFF             D290
        EEDATA           F00000-F003FF              400
        IDLOC            200000-200007                8
        MEDIUMCONST      002CC9-002CC9                1
                         002D70-00FFFF             D290
        RAM              0000EE-000F7F              100
        SFR              000F80-000FFF               80
        SMALLCONST       002CC9-002CC9                1
                         002D70-00FFFF              100

                                  Symbol Table

?___awdiv                                 cstackCOMRAM 00000B
?___awmod                                 cstackCOMRAM 00000B
?___flmul                                 cstackCOMRAM 000019
?___fltol                                 cstackCOMRAM 000032
?___lwdiv                                 cstackCOMRAM 00000B
?___xxtofl                                cstackCOMRAM 00000B
?_abs                                     cstackCOMRAM 000011
?_sprintf                                 cstackCOMRAM 000024
?_vfprintf                                cstackCOMRAM 000020
ADC_GetConversionResult@_adc              cstackCOMRAM 000001
ADC_GetConversionResult@conversion_result cstackCOMRAM 000002
ADC_GetConversionResult@ret               cstackCOMRAM 000006
ADC_Init@_adc                             cstackCOMRAM 00000E
ADC_SelectChannel@_adc                    cstackCOMRAM 00000E
ADC_SelectChannel@channel                 cstackCOMRAM 00000F
ADC_SelectChannel@ret                     cstackCOMRAM 000011
ADC_StartConversion@_adc                  cstackCOMRAM 00000B
ADC_StartConversion@ret                   cstackCOMRAM 00000C
ADC_StartConversion_Interrupt@_adc        cstackCOMRAM 000012
ADC_StartConversion_Interrupt@channel     cstackCOMRAM 000013
ADC_StartConversion_Interrupt@ret         cstackCOMRAM 000014
RB4_ISR@RB4_source                        cstackCOMRAM 000001
RB5_ISR@RB5_source                        cstackCOMRAM 000001
RB6_ISR@RB6_source                        cstackCOMRAM 000001
RB7_ISR@RB7_source                        cstackCOMRAM 000001
_ADCON0bits                               (abs)        000FC2
_ADCON1bits                               (abs)        000FC1
_ADCON2bits                               (abs)        000FC0
_ADC_DefaultInterruptHandler              text47       0029BC
_ADC_GetConversionResult                  text48       0025B0
_ADC_ISR                                  text46       002CCA
_ADC_Init                                 text27       00246E
_ADC_InterruptHandler                     bssCOMRAM    000054
_ADC_Req                                  bssCOMRAM    000057
_ADC_SelectChannel                        text36       002A80
_ADC_StartConversion                      text35       002C86
_ADC_StartConversion_Interrupt            text34       002B20
_ADRESH                                   (abs)        000FC4
_ADRESL                                   (abs)        000FC3
_EEADR                                    (abs)        000FA9
_EEADRH                                   (abs)        000FAA
_EECON1bits                               (abs)        000FA6
_EECON2                                   (abs)        000FA7
_EEDATA                                   (abs)        000FA8
_INT0_ISR                                 text45       002D68
_INT0_InterruptHandler                    bssCOMRAM    000052
_INT1_ISR                                 text44       002D64
_INT1_InterruptHandler                    bssCOMRAM    000050
_INT2_ISR                                 text43       002D60
_INT2_InterruptHandler                    bssCOMRAM    00004E
_INTCON2bits                              (abs)        000FF1
_INTCON3bits                              (abs)        000FF0
_INTCONbits                               (abs)        000FF2
_InterruptManger                          intcode      000008
_LATA                                     (abs)        000F89
_LATB                                     (abs)        000F8A
_LATC                                     (abs)        000F8B
_LATD                                     (abs)        000F8C
_LATE                                     (abs)        000F8D
_LM35_res_1                               bssCOMRAM    000061
_LM35_res_1_Celsius_mv                    bssCOMRAM    00003C
_LM35_res_1_txt                           bssBANK0     0000BB
_LM35_res_2                               bssCOMRAM    00005F
_LM35_res_2_Celsius_mv                    bssCOMRAM    00003A
_LM35_res_2_txt                           bssBANK0     0000B5
_PIE1bits                                 (abs)        000F9D
_PIR1bits                                 (abs)        000F9E
_PORTA                                    (abs)        000F80
_PORTB                                    (abs)        000F81
_PORTBbits                                (abs)        000F81
_PORTC                                    (abs)        000F82
_PORTD                                    (abs)        000F83
_PORTE                                    (abs)        000F84
_RB4_Flag                                 dataCOMRAM   000070
_RB4_ISR                                  text42       002D34
_RB4_InterruptHandler_HIGH                bssCOMRAM    00004C
_RB4_InterruptHandler_LOW                 bssCOMRAM    00004A
_RB5_Flag                                 dataCOMRAM   00006F
_RB5_ISR                                  text41       002D1A
_RB5_InterruptHandler_HIGH                bssCOMRAM    000048
_RB5_InterruptHandler_LOW                 bssCOMRAM    000046
_RB6_Flag                                 dataCOMRAM   00006E
_RB6_ISR                                  text40       002D00
_RB6_InterruptHandler_HIGH                bssCOMRAM    000044
_RB6_InterruptHandler_LOW                 bssCOMRAM    000042
_RB7_Flag                                 dataCOMRAM   00006D
_RB7_ISR                                  text39       002CE6
_RB7_InterruptHandler_HIGH                bssCOMRAM    000040
_RB7_InterruptHandler_LOW                 bssCOMRAM    00003E
_TRISA                                    (abs)        000F92
_TRISB                                    (abs)        000F93
_TRISC                                    (abs)        000F94
_TRISD                                    (abs)        000F95
_TRISE                                    (abs)        000F96
__HRAM                                    (abs)        000000
__H__absolute__                           __absolute__ 000000
__Habs1                                   abs1         000000
__Hbank0                                  bank0        000000
__Hbank1                                  bank1        000000
__Hbank10                                 bank10       000000
__Hbank11                                 bank11       000000
__Hbank12                                 bank12       000000
__Hbank13                                 bank13       000000
__Hbank14                                 bank14       000000
__Hbank15                                 bank15       000000
__Hbank2                                  bank2        000000
__Hbank3                                  bank3        000000
__Hbank4                                  bank4        000000
__Hbank5                                  bank5        000000
__Hbank6                                  bank6        000000
__Hbank7                                  bank7        000000
__Hbank8                                  bank8        000000
__Hbank9                                  bank9        000000
__Hbigbss                                 bigbss       000000
__Hbigdata                                bigdata      000000
__Hbigram                                 bigram       000000
__Hbigsfr                                 bigsfr       000000
__Hbss                                    bss          000000
__HbssBANK0                               bssBANK0     000000
__HbssCOMRAM                              bssCOMRAM    000000
__Hcinit                                  cinit        000000
__Hclrtext                                clrtext      000000
__Hcomram                                 comram       000000
__Hconfig                                 config       30000E
__Hconst                                  const        000000
__HcstackBANK0                            cstackBANK0  000000
__HcstackCOMRAM                           cstackCOMRAM 000000
__Hdata                                   data         000000
__HdataBANK0                              dataBANK0    000000
__HdataCOMRAM                             dataCOMRAM   000000
__Heeprom_data                            eeprom_data  000000
__Hfarbss                                 farbss       000000
__Hfardata                                fardata      000000
__Hheap                                   heap         000000
__Hibigdata                               ibigdata     000000
__Hidata                                  idata        000000
__HidataBANK0                             idataBANK0   000000
__HidataCOMRAM                            idataCOMRAM  000000
__Hidloc                                  idloc        000000
__Hifardata                               ifardata     000000
__Hinit                                   init         000012
__Hintcode                                intcode      00000E
__Hintcode_body                           intcode_body 000000
__Hintcodelo                              intcodelo    00000E
__Hintentry                               intentry     000000
__Hintret                                 intret       000000
__Hintsave_regs                           intsave_regs 000000
__Hirdata                                 irdata       000000
__Hmediumconst                            mediumconst  000000
__HnvBANK0                                nvBANK0      000000
__HnvFARRAM                               nvFARRAM     000000
__Hnvbit                                  nvbit        000000
__Hnvrram                                 nvrram       000000
__Hparam                                  rparam       000000
__Hpowerup                                powerup      00000E
__Hram                                    ram          000000
__Hramtop                                 ramtop       001000
__Hrbit                                   rbit         000000
__Hrbss                                   rbss         000000
__Hrdata                                  rdata        000000
__Hreset_vec                              reset_vec    000004
__Hrparam                                 rparam       000000
__Hsfr                                    sfr          000000
__Hsmallconst                             smallconst   00103A
__Hspace_0                                (abs)        002D70
__Hspace_1                                (abs)        0000EE
__Hspace_2                                (abs)        000000
__Hspace_4                                (abs)        60000E
__Hstack                                  stack        000000
__Hstruct                                 struct       000000
__Htemp                                   temp         000076
__Htext                                   text         000000
__Htext0                                  text0        000000
__Htext1                                  text1        000000
__Htext10                                 text10       000000
__Htext11                                 text11       000000
__Htext12                                 text12       000000
__Htext13                                 text13       000000
__Htext14                                 text14       000000
__Htext15                                 text15       000000
__Htext16                                 text16       000000
__Htext17                                 text17       000000
__Htext18                                 text18       000000
__Htext19                                 text19       000000
__Htext2                                  text2        000000
__Htext20                                 text20       000000
__Htext21                                 text21       000000
__Htext22                                 text22       000000
__Htext23                                 text23       000000
__Htext24                                 text24       000000
__Htext25                                 text25       000000
__Htext26                                 text26       000000
__Htext27                                 text27       000000
__Htext28                                 text28       000000
__Htext29                                 text29       000000
__Htext3                                  text3        000000
__Htext30                                 text30       000000
__Htext31                                 text31       000000
__Htext32                                 text32       000000
__Htext33                                 text33       000000
__Htext34                                 text34       000000
__Htext35                                 text35       000000
__Htext36                                 text36       000000
__Htext37                                 text37       000000
__Htext39                                 text39       000000
__Htext4                                  text4        000000
__Htext40                                 text40       000000
__Htext41                                 text41       000000
__Htext42                                 text42       000000
__Htext43                                 text43       000000
__Htext44                                 text44       000000
__Htext45                                 text45       000000
__Htext46                                 text46       000000
__Htext47                                 text47       000000
__Htext48                                 text48       000000
__Htext49                                 text49       000000
__Htext5                                  text5        000000
__Htext6                                  text6        000000
__Htext7                                  text7        000000
__Htext8                                  text8        000000
__Htext9                                  text9        000000
__LRAM                                    (abs)        000001
__L__absolute__                           __absolute__ 000000
__Labs1                                   abs1         000000
__Lbank0                                  bank0        000000
__Lbank1                                  bank1        000000
__Lbank10                                 bank10       000000
__Lbank11                                 bank11       000000
__Lbank12                                 bank12       000000
__Lbank13                                 bank13       000000
__Lbank14                                 bank14       000000
__Lbank15                                 bank15       000000
__Lbank2                                  bank2        000000
__Lbank3                                  bank3        000000
__Lbank4                                  bank4        000000
__Lbank5                                  bank5        000000
__Lbank6                                  bank6        000000
__Lbank7                                  bank7        000000
__Lbank8                                  bank8        000000
__Lbank9                                  bank9        000000
__Lbigbss                                 bigbss       000000
__Lbigdata                                bigdata      000000
__Lbigram                                 bigram       000000
__Lbigsfr                                 bigsfr       000000
__Lbss                                    bss          000000
__LbssBANK0                               bssBANK0     000000
__LbssCOMRAM                              bssCOMRAM    000000
__Lcinit                                  cinit        000000
__Lclrtext                                clrtext      000000
__Lcomram                                 comram       000000
__Lconfig                                 config       000000
__Lconst                                  const        000000
__LcstackBANK0                            cstackBANK0  000000
__LcstackCOMRAM                           cstackCOMRAM 000000
__Ldata                                   data         000000
__LdataBANK0                              dataBANK0    000000
__LdataCOMRAM                             dataCOMRAM   000000
__Leeprom_data                            eeprom_data  000000
__Lfarbss                                 farbss       000000
__Lfardata                                fardata      000000
__Lheap                                   heap         000000
__Libigdata                               ibigdata     000000
__Lidata                                  idata        000000
__LidataBANK0                             idataBANK0   000000
__LidataCOMRAM                            idataCOMRAM  000000
__Lidloc                                  idloc        000000
__Lifardata                               ifardata     000000
__Linit                                   init         00000E
__Lintcode                                intcode      000008
__Lintcode_body                           intcode_body 000000
__Lintcodelo                              intcodelo    00000E
__Lintentry                               intentry     000000
__Lintret                                 intret       000000
__Lintsave_regs                           intsave_regs 000000
__Lirdata                                 irdata       000000
__Lmediumconst                            mediumconst  000000
__LnvBANK0                                nvBANK0      000000
__LnvFARRAM                               nvFARRAM     000000
__Lnvbit                                  nvbit        000000
__Lnvrram                                 nvrram       000000
__Lparam                                  rparam       000000
__Lpowerup                                powerup      00000E
__Lram                                    ram          000000
__Lramtop                                 ramtop       001000
__Lrbit                                   rbit         000000
__Lrbss                                   rbss         000000
__Lrdata                                  rdata        000000
__Lreset_vec                              reset_vec    000000
__Lrparam                                 rparam       000000
__Lsfr                                    sfr          000000
__Lsmallconst                             smallconst   001000
__Lspace_0                                (abs)        000000
__Lspace_1                                (abs)        000000
__Lspace_2                                (abs)        000000
__Lspace_4                                (abs)        000000
__Lstack                                  stack        000000
__Lstruct                                 struct       000000
__Ltemp                                   temp         000075
__Ltext                                   text         000000
__Ltext0                                  text0        000000
__Ltext1                                  text1        000000
__Ltext10                                 text10       000000
__Ltext11                                 text11       000000
__Ltext12                                 text12       000000
__Ltext13                                 text13       000000
__Ltext14                                 text14       000000
__Ltext15                                 text15       000000
__Ltext16                                 text16       000000
__Ltext17                                 text17       000000
__Ltext18                                 text18       000000
__Ltext19                                 text19       000000
__Ltext2                                  text2        000000
__Ltext20                                 text20       000000
__Ltext21                                 text21       000000
__Ltext22                                 text22       000000
__Ltext23                                 text23       000000
__Ltext24                                 text24       000000
__Ltext25                                 text25       000000
__Ltext26                                 text26       000000
__Ltext27                                 text27       000000
__Ltext28                                 text28       000000
__Ltext29                                 text29       000000
__Ltext3                                  text3        000000
__Ltext30                                 text30       000000
__Ltext31                                 text31       000000
__Ltext32                                 text32       000000
__Ltext33                                 text33       000000
__Ltext34                                 text34       000000
__Ltext35                                 text35       000000
__Ltext36                                 text36       000000
__Ltext37                                 text37       000000
__Ltext39                                 text39       000000
__Ltext4                                  text4        000000
__Ltext40                                 text40       000000
__Ltext41                                 text41       000000
__Ltext42                                 text42       000000
__Ltext43                                 text43       000000
__Ltext44                                 text44       000000
__Ltext45                                 text45       000000
__Ltext46                                 text46       000000
__Ltext47                                 text47       000000
__Ltext48                                 text48       000000
__Ltext49                                 text49       000000
__Ltext5                                  text5        000000
__Ltext6                                  text6        000000
__Ltext7                                  text7        000000
__Ltext8                                  text8        000000
__Ltext9                                  text9        000000
__S0                                      (abs)        002D70
__S1                                      (abs)        0000EE
__S4                                      (abs)        000000
__S5                                      (abs)        000000
___awdiv                                  text15       0021A8
___awdiv@counter                          cstackCOMRAM 00000F
___awdiv@dividend                         cstackCOMRAM 00000B
___awdiv@divisor                          cstackCOMRAM 00000D
___awdiv@quotient                         cstackCOMRAM 000011
___awdiv@sign                             cstackCOMRAM 000010
___awmod                                  text14       00226C
___awmod@counter                          cstackCOMRAM 00000F
___awmod@dividend                         cstackCOMRAM 00000B
___awmod@divisor                          cstackCOMRAM 00000D
___awmod@sign                             cstackCOMRAM 000010
___flmul                                  text33       00103A
___flmul@a                                cstackCOMRAM 00001D
___flmul@aexp                             cstackCOMRAM 00002A
___flmul@b                                cstackCOMRAM 000019
___flmul@bexp                             cstackCOMRAM 00002B
___flmul@grs                              cstackCOMRAM 000026
___flmul@prod                             cstackCOMRAM 00002C
___flmul@sign                             cstackCOMRAM 000025
___flmul@temp                             cstackCOMRAM 000030
___fltol                                  text32       001EF2
___fltol@exp1                             cstackBANK0  0000E7
___fltol@f1                               cstackCOMRAM 000032
___fltol@sign1                            cstackBANK0  0000E6
___heap_hi                                (abs)        000000
___heap_lo                                (abs)        000000
___inthi_sp                               stack        000000
___inthi_stack_hi                         stack        000000
___inthi_stack_lo                         stack        000000
___intlo_sp                               stack        000000
___intlo_stack_hi                         stack        000000
___intlo_stack_lo                         stack        000000
___lwdiv                                  text31       002760
___lwdiv@counter                          cstackCOMRAM 000011
___lwdiv@dividend                         cstackCOMRAM 00000B
___lwdiv@divisor                          cstackCOMRAM 00000D
___lwdiv@quotient                         cstackCOMRAM 00000F
___param_bank                             (abs)        000000
___rparam_used                            (abs)        000001
___sp                                     stack        000000
___stack_hi                               stack        000000
___stack_lo                               stack        000000
___xxtofl                                 text30       001AD0
___xxtofl@arg                             cstackCOMRAM 000015
___xxtofl@exp                             cstackCOMRAM 000014
___xxtofl@sign                            cstackCOMRAM 000013
___xxtofl@val                             cstackCOMRAM 00000B
__accesstop                               (abs)        000080
__activetblptr                            (abs)        000003
__end_of_ADC_DefaultInterruptHandler      text47       002A02
__end_of_ADC_GetConversionResult          text48       002650
__end_of_ADC_ISR                          text46       002CE6
__end_of_ADC_Init                         text27       002510
__end_of_ADC_SelectChannel                text36       002AB8
__end_of_ADC_StartConversion              text35       002CA8
__end_of_ADC_StartConversion_Interrupt    text34       002B54
__end_of_INT0_ISR                         text45       002D6C
__end_of_INT1_ISR                         text44       002D68
__end_of_INT2_ISR                         text43       002D64
__end_of_InterruptManger                  intcode_body 00172A
__end_of_RB4_ISR                          text42       002D4E
__end_of_RB5_ISR                          text41       002D34
__end_of_RB6_ISR                          text40       002D1A
__end_of_RB7_ISR                          text39       002D00
__end_of___awdiv                          text15       00226C
__end_of___awmod                          text14       00231C
__end_of___flmul                          text33       001464
__end_of___fltol                          text32       001FFA
__end_of___lwdiv                          text31       0027D4
__end_of___xxtofl                         text30       001C84
__end_of__initialization                  cinit        002898
__end_of_abs                              text13       002B20
__end_of_adc_input_channel_port_configure text37       0020D2
__end_of_application_initialize           text17       002C14
__end_of_btn_value                        smallconst   001011
__end_of_configure_voltage_reference      text29       002C64
__end_of_convert_uint16_to_string         text7        0025B0
__end_of_dc_motor_intialize               text23       002C3E
__end_of_dc_motor_move_right              text6        002BB8
__end_of_dc_motor_stop                    text5        002B86
__end_of_ecu_layer_intialize              text22       002D70
__end_of_fputc                            text11       0023C6
__end_of_gpio_pin_direction_initialize    text26       001DC6
__end_of_gpio_pin_initialize              text24       002760
__end_of_gpio_pin_write_logic             text25       001EF2
__end_of_lcd_4bit_intialize               text18       0021A8
__end_of_lcd_4bit_send_char_data          text4        002960
__end_of_lcd_4bit_send_command            text19       0029BC
__end_of_lcd_4bit_send_string_pos         text2        0026E6
__end_of_lcd_4bit_set_cursor              text3        00246E
__end_of_lcd_init_message                 text1        002840
__end_of_lcd_send_4bits                   text21       002904
__end_of_lcd_send_enable_signal           text20       002A80
__end_of_main                             text0        001910
__end_of_memset                           text16       002BE8
__end_of_putch                            text12       002D6E
__end_of_select_result_format             text28       002C86
__end_of_sprintf                          text8        002AEC
__end_of_vfpfcnvrt                        text10       001AD0
__end_of_vfprintf                         text9        002A42
__initialization                          cinit        002840
__mediumconst                             mediumconst  000000
__pbssBANK0                               bssBANK0     000080
__pbssCOMRAM                              bssCOMRAM    000036
__pcinit                                  cinit        002840
__pcstackBANK0                            cstackBANK0  0000E2
__pcstackCOMRAM                           cstackCOMRAM 000001
__pdataBANK0                              dataBANK0    0000C1
__pdataCOMRAM                             dataCOMRAM   000063
__pidataBANK0                             idataBANK0   002CA8
__pidataCOMRAM                            idataCOMRAM  002D4E
__pintcode                                intcode      000008
__pintcode_body                           intcode_body 001464
__pnvBANK0                                nvBANK0      0000ED
__psmallconst                             smallconst   001000
__ptext0                                  text0        00172A
__ptext1                                  text1        0027D4
__ptext10                                 text10       001910
__ptext11                                 text11       00231C
__ptext12                                 text12       002D6C
__ptext13                                 text13       002AEC
__ptext14                                 text14       00226C
__ptext15                                 text15       0021A8
__ptext16                                 text16       002BB8
__ptext17                                 text17       002BE8
__ptext18                                 text18       0020D2
__ptext19                                 text19       002960
__ptext2                                  text2        002650
__ptext20                                 text20       002A42
__ptext21                                 text21       0028A2
__ptext22                                 text22       002D6E
__ptext23                                 text23       002C14
__ptext24                                 text24       0026E6
__ptext25                                 text25       001DC6
__ptext26                                 text26       001C84
__ptext27                                 text27       00246E
__ptext28                                 text28       002C64
__ptext29                                 text29       002C3E
__ptext3                                  text3        0023C6
__ptext30                                 text30       001AD0
__ptext31                                 text31       002760
__ptext32                                 text32       001EF2
__ptext33                                 text33       00103A
__ptext34                                 text34       002B20
__ptext35                                 text35       002C86
__ptext36                                 text36       002A80
__ptext37                                 text37       001FFA
__ptext39                                 text39       002CE6
__ptext4                                  text4        002904
__ptext40                                 text40       002D00
__ptext41                                 text41       002D1A
__ptext42                                 text42       002D34
__ptext43                                 text43       002D60
__ptext44                                 text44       002D64
__ptext45                                 text45       002D68
__ptext46                                 text46       002CCA
__ptext47                                 text47       0029BC
__ptext48                                 text48       0025B0
__ptext49                                 text49       000000
__ptext5                                  text5        002B54
__ptext6                                  text6        002B86
__ptext7                                  text7        002510
__ptext8                                  text8        002AB8
__ptext9                                  text9        002A02
__ramtop                                  ramtop       001000
__smallconst                              smallconst   001000
_abs                                      text13       002AEC
_adc_1                                    dataBANK0    0000D5
_adc_input_channel_port_configure         text37       001FFA
_application_initialize                   text17       002BE8
_btn_value                                smallconst   001001
_configure_voltage_reference              text29       002C3E
_convert_uint16_to_string                 text7        002510
_dbuf                                     bssBANK0     000080
_dc_motor_intialize                       text23       002C14
_dc_motor_move_right                      text6        002B86
_dc_motor_stop                            text5        002B54
_ecu_layer_intialize                      text22       002D6E
_flags                                    bssCOMRAM    000056
_fputc                                    text11       00231C
_gpio_pin_direction_initialize            text26       001C84
_gpio_pin_initialize                      text24       0026E6
_gpio_pin_write_logic                     text25       001DC6
_lat_registers                            dataBANK0    0000CB
_lcd1                                     dataBANK0    0000DC
_lcd_4bit_intialize                       text18       0020D2
_lcd_4bit_send_char_data                  text4        002904
_lcd_4bit_send_command                    text19       002960
_lcd_4bit_send_string_pos                 text2        002650
_lcd_4bit_set_cursor                      text3        0023C6
_lcd_init_message                         text1        0027D4
_lcd_send_4bits                           text21       0028A2
_lcd_send_enable_signal                   text20       002A42
_main                                     text0        00172A
_memset                                   text16       002BB8
_motor1                                   dataCOMRAM   000073
_motor2                                   dataCOMRAM   000071
_port_registers                           dataBANK0    0000C1
_prec                                     bssCOMRAM    000038
_putch                                    text12       002D6C
_ret                                      nvBANK0      0000ED
_select_result_format                     text28       002C64
_sprintf                                  text8        002AB8
_tris_registers                           dataCOMRAM   000063
_vfpfcnvrt                                text10       001910
_vfprintf                                 text9        002A02
_width                                    bssCOMRAM    000036
abs@a                                     cstackCOMRAM 000011
adc_input_channel_port_configure@channel  cstackCOMRAM 00000D
btemp                                     temp         000075
configure_voltage_reference@_adc          cstackCOMRAM 00000B
convert_uint16_to_string@DataCounter      cstackBANK0  0000EC
convert_uint16_to_string@TempString       cstackBANK0  0000E5
convert_uint16_to_string@ret              cstackBANK0  0000EB
convert_uint16_to_string@str              cstackBANK0  0000E4
convert_uint16_to_string@value            cstackBANK0  0000E2
dc_motor_intialize@_dc_motor              cstackCOMRAM 000016
dc_motor_intialize@ret                    cstackCOMRAM 000017
dc_motor_move_right@_dc_motor             cstackCOMRAM 000013
dc_motor_move_right@ret                   cstackCOMRAM 000014
dc_motor_stop@_dc_motor                   cstackCOMRAM 000013
dc_motor_stop@ret                         cstackCOMRAM 000014
end_of_initialization                     cinit        002898
fputc@c                                   cstackCOMRAM 00000B
fputc@fp                                  cstackCOMRAM 00000D
gpio_pin_direction_initialize@_pin_config cstackCOMRAM 00000B
gpio_pin_direction_initialize@ret         cstackCOMRAM 000011
gpio_pin_initialize@_pin_config           cstackCOMRAM 000013
gpio_pin_initialize@ret                   cstackCOMRAM 000015
gpio_pin_write_logic@_pin_config          cstackCOMRAM 00000B
gpio_pin_write_logic@logic                cstackCOMRAM 00000C
gpio_pin_write_logic@ret                  cstackCOMRAM 000012
int$flags                                 temp         000075
int_func                                  intcode_body 001464
intlevel0                                 text         000000
intlevel1                                 text         000000
intlevel2                                 text         000000
intlevel3                                 text         000000
isa$std                                   (abs)        000001
isa$xinst                                 (abs)        000000
lcd_4bit_intialize@l_pin_counter          cstackCOMRAM 00001E
lcd_4bit_intialize@lcd                    cstackCOMRAM 00001C
lcd_4bit_send_char_data@data              cstackCOMRAM 00001A
lcd_4bit_send_char_data@lcd               cstackCOMRAM 000019
lcd_4bit_send_char_data@ret               cstackCOMRAM 00001B
lcd_4bit_send_command@command             cstackCOMRAM 00001A
lcd_4bit_send_command@lcd                 cstackCOMRAM 000019
lcd_4bit_send_command@ret                 cstackCOMRAM 00001B
lcd_4bit_send_string_pos@column           cstackCOMRAM 000024
lcd_4bit_send_string_pos@lcd              cstackCOMRAM 000022
lcd_4bit_send_string_pos@ret              cstackCOMRAM 000027
lcd_4bit_send_string_pos@row              cstackCOMRAM 000023
lcd_4bit_send_string_pos@str              cstackCOMRAM 000025
lcd_4bit_set_cursor@column                cstackCOMRAM 00001E
lcd_4bit_set_cursor@lcd                   cstackCOMRAM 00001C
lcd_4bit_set_cursor@ret                   cstackCOMRAM 000021
lcd_4bit_set_cursor@row                   cstackCOMRAM 00001D
lcd_init_message@lcd                      cstackCOMRAM 000028
lcd_send_4bits@data_command               cstackCOMRAM 000014
lcd_send_4bits@l_pin_counter              cstackCOMRAM 000018
lcd_send_4bits@lcd                        cstackCOMRAM 000013
lcd_send_4bits@ret                        cstackCOMRAM 000017
lcd_send_enable_signal@lcd                cstackCOMRAM 000013
lcd_send_enable_signal@ret                cstackCOMRAM 000014
led_initialize@F3058                      bssCOMRAM    00005E
led_turn_off@F3068                        bssCOMRAM    00005C
led_turn_on@F3063                         bssCOMRAM    00005D
led_turn_toggle@F3073                     bssCOMRAM    00005B
memset@c                                  cstackCOMRAM 00000C
memset@dest                               cstackCOMRAM 00000B
memset@n                                  cstackCOMRAM 00000E
memset@p                                  cstackCOMRAM 000010
relay_initialize@F3052                    bssCOMRAM    00005A
relay_turn_off@F3062                      bssCOMRAM    000058
relay_turn_on@F3057                       bssCOMRAM    000059
select_result_format@_adc                 cstackCOMRAM 00000B
sprintf@ap                                cstackCOMRAM 000028
sprintf@f                                 cstackCOMRAM 000029
sprintf@fmt                               cstackCOMRAM 000025
sprintf@s                                 cstackCOMRAM 000024
stackhi                                   (abs)        000000
stacklo                                   (abs)        000000
start                                     init         00000E
start_initialization                      cinit        002840
ttemp5                                    temp         000076
ttemp6                                    temp         000079
ttemp7                                    temp         00007D
vfpfcnvrt@ap                              cstackCOMRAM 000017
vfpfcnvrt@c                               cstackCOMRAM 00001F
vfpfcnvrt@convarg                         cstackCOMRAM 00001B
vfpfcnvrt@cp                              cstackCOMRAM 00001A
vfpfcnvrt@done                            cstackCOMRAM 000019
vfpfcnvrt@fmt                             cstackCOMRAM 000016
vfpfcnvrt@fp                              cstackCOMRAM 000015
vfprintf@ap                               cstackCOMRAM 000022
vfprintf@cfmt                             cstackCOMRAM 000023
vfprintf@fmt                              cstackCOMRAM 000021
vfprintf@fp                               cstackCOMRAM 000020
wtemp8                                    temp         000076


MODULE INFORMATION

Module		Function		Class		Link	Load	Size
ECU_Layer/Chr_LCD/ecu_chr_lcd.c
		_lcd_4bit_send_command		CODE           	2960	0000	92
		_lcd_4bit_send_string_pos		CODE           	2650	0000	150
		_lcd_send_enable_signal		CODE           	2A42	0000	62
		_lcd_4bit_send_char_data		CODE           	2904	0000	92
		_lcd_send_4bits		CODE           	28A2	0000	98
		_lcd_4bit_intialize		CODE           	20D2	0000	214
		_convert_uint16_to_string		CODE           	2510	0000	160
		_lcd_4bit_set_cursor		CODE           	23C6	0000	168

ECU_Layer/Chr_LCD/ecu_chr_lcd.c estimated size: 1036

C:\Program Files\Microchip\xc8\v2.45\pic\sources\c99\common\sprcmul.c
		___flmul       		CODE           	103A	0000	1066

C:\Program Files\Microchip\xc8\v2.45\pic\sources\c99\common\sprcmul.c estimated size: 1066

C:\Program Files\Microchip\xc8\v2.45\pic\sources\c99\common\nf_sprintf.c
		_sprintf       		CODE           	2AB8	0000	52

C:\Program Files\Microchip\xc8\v2.45\pic\sources\c99\common\nf_sprintf.c estimated size: 52

C:\Program Files\Microchip\xc8\v2.45\pic\sources\c99\common\awmod.c
		___awmod       		CODE           	226C	0000	176

C:\Program Files\Microchip\xc8\v2.45\pic\sources\c99\common\awmod.c estimated size: 176

C:\Program Files\Microchip\xc8\v2.45\pic\sources\c99\common\putch.c
		_putch         		CODE           	2D6C	0000	2

C:\Program Files\Microchip\xc8\v2.45\pic\sources\c99\common\putch.c estimated size: 2

shared
		_btn_value     		SMALLCONST     	1001	0000	16
		__initialization		CODE           	2840	0000	88

shared estimated size: 104

C:\Program Files\Microchip\xc8\v2.45\pic\sources\c99\common\xxtofl.c
		___xxtofl      		CODE           	1AD0	0000	436

C:\Program Files\Microchip\xc8\v2.45\pic\sources\c99\common\xxtofl.c estimated size: 436

MCAL_Layer/Interrupt/mcal_external_interrupt.c
		_RB4_ISR       		CODE           	2D34	0000	26
		_RB5_ISR       		CODE           	2D1A	0000	26
		_RB6_ISR       		CODE           	2D00	0000	26
		_RB7_ISR       		CODE           	2CE6	0000	26
		_INT0_ISR      		CODE           	2D68	0000	4
		_INT1_ISR      		CODE           	2D64	0000	4
		_INT2_ISR      		CODE           	2D60	0000	4

MCAL_Layer/Interrupt/mcal_external_interrupt.c estimated size: 116

C:\Program Files\Microchip\xc8\v2.45\pic\sources\c99\common\abs.c
		_abs           		CODE           	2AEC	0000	52

C:\Program Files\Microchip\xc8\v2.45\pic\sources\c99\common\abs.c estimated size: 52

MCAL_Layer/ADC/hal_adc.c
		_ADC_StartConversion_Interrupt		CODE           	2B20	0000	52
		_adc_input_channel_port_configure		CODE           	1FFA	0000	216
		_ADC_GetConversionResult		CODE           	25B0	0000	160
		_configure_voltage_reference		CODE           	2C3E	0000	38
		_ADC_StartConversion		CODE           	2C86	0000	34
		_ADC_ISR       		CODE           	2CCA	0000	28
		_ADC_SelectChannel		CODE           	2A80	0000	56
		_ADC_Init      		CODE           	246E	0000	162
		_select_result_format		CODE           	2C64	0000	34

MCAL_Layer/ADC/hal_adc.c estimated size: 780

MCAL_Layer/Interrupt/mcal_interrupt_manager.c
		_InterruptManger		CODE           	0008	0000	716

MCAL_Layer/Interrupt/mcal_interrupt_manager.c estimated size: 716

MCAL_Layer/GPIO/hal_gpio.c
		_gpio_pin_write_logic		CODE           	1DC6	0000	300
		_gpio_pin_direction_initialize		CODE           	1C84	0000	322
		_gpio_pin_initialize		CODE           	26E6	0000	122

MCAL_Layer/GPIO/hal_gpio.c estimated size: 744

C:\Program Files\Microchip\xc8\v2.45\pic\sources\c99\common\memset.c
		_memset        		CODE           	2BB8	0000	48

C:\Program Files\Microchip\xc8\v2.45\pic\sources\c99\common\memset.c estimated size: 48

ECU_Layer/ecu_layer_init.c
		_ecu_layer_intialize		CODE           	2D6E	0000	2

ECU_Layer/ecu_layer_init.c estimated size: 2

application.c
		_lcd_init_message		CODE           	27D4	0000	108
		_ADC_DefaultInterruptHandler		CODE           	29BC	0000	70
		_application_initialize		CODE           	2BE8	0000	44
		_main          		CODE           	172A	0000	486

application.c estimated size: 708

C:\Program Files\Microchip\xc8\v2.45\pic\sources\c99\common\nf_fputc.c
		_fputc         		CODE           	231C	0000	170

C:\Program Files\Microchip\xc8\v2.45\pic\sources\c99\common\nf_fputc.c estimated size: 170

C:\Program Files\Microchip\xc8\v2.45\pic\sources\c99\common\doprnt.c
		_vfpfcnvrt     		CODE           	1910	0000	448
		_vfprintf      		CODE           	2A02	0000	64

C:\Program Files\Microchip\xc8\v2.45\pic\sources\c99\common\doprnt.c estimated size: 512

C:\Program Files\Microchip\xc8\v2.45\pic\sources\c99\common\lwdiv.c
		___lwdiv       		CODE           	2760	0000	116

C:\Program Files\Microchip\xc8\v2.45\pic\sources\c99\common\lwdiv.c estimated size: 116

ECU_Layer/dc_motor/ecu_dc_motor.c
		_dc_motor_stop 		CODE           	2B54	0000	50
		_dc_motor_move_right		CODE           	2B86	0000	50
		_dc_motor_intialize		CODE           	2C14	0000	42

ECU_Layer/dc_motor/ecu_dc_motor.c estimated size: 142

C:\Program Files\Microchip\xc8\v2.45\pic\sources\c99\common\awdiv.c
		___awdiv       		CODE           	21A8	0000	196

C:\Program Files\Microchip\xc8\v2.45\pic\sources\c99\common\awdiv.c estimated size: 196

C:\Program Files\Microchip\xc8\v2.45\pic\sources\c99\common\fltol.c
		___fltol       		CODE           	1EF2	0000	264

C:\Program Files\Microchip\xc8\v2.45\pic\sources\c99\common\fltol.c estimated size: 264

